// Jest Snapshot v1, https://goo.gl/fbAQLP

exports[`renders correctly 1`] = `
<div
  className="sc-bdVaJa kpnQuw"
>
  <div
    className="sc-bwzfXH hfUZzc"
  >
    <p>
      Built with ♥ by Sam. View site source
      <a
        href="https://github.com/cubiio/samatkins.me"
        target="_blank"
      >
         code
      </a>
      . © 2016-
      2017
       Sam Atkins
    </p>
  </div>
</div>
`;
